Warning: TTY mode is not supported on Windows platform.

  [37;41;1m FAIL [39;49;22m[39m Tests\Unit\BundleDiscountServiceTest[39m
  [32;1mΓ£ô[39;22m[39m [2mcalculate no discount for single item[22m[39m
  [32;1mΓ£ô[39;22m[39m [2mcalculate discount for bundle range[22m[39m
  [31;1mΓ¿»[39;22m[39m [2mcalculate best discount overlap[22m[39m
  [31;1mΓ¿»[39;22m[39m [2mcalculate product specific discount[22m[39m
  [31;1mΓ¿»[39;22m[39m [2mglobal wins if better[22m[39m

  [2m---[22m

  [31;1mΓÇó Tests\Unit\BundleDiscountServiceTest [39;22m> [31;1mcalculate best discount overlap[39;22m
[39;1m  Failed asserting that two strings are equal.[39;22m

  at [32mC:\Users\binziya\myproject\tests\Unit\BundleDiscountServiceTest.php[39m:[32m118[39m
    114Γûò 
    115Γûò         // Assert
    116Γûò         $this->assertEquals(4000, $result['original_total']);
    117Γûò         $this->assertEquals(800, $result['discount_amount']); // 20% of 4000
  Γ₧£ 118Γûò         $this->assertEquals('Big Bundle', $result['applied_rule']['name']);
    119Γûò     }
    120Γûò 
    121Γûò     public function test_calculate_product_specific_discount()
    122Γûò     {

  [33m1   [39m[39;1mC:\Users\binziya\myproject\vendor\phpunit\phpunit\phpunit[39;22m:[39;1m107[39;22m
  [90m    PHPUnit\TextUI\Command::main()[39m
  --- Expected
  +++ Actual
  @@ @@
  -'Big Bundle'
  +'Mega Bundle'
  [31;1mΓÇó Tests\Unit\BundleDiscountServiceTest [39;22m> [31;1mcalculate product specific discount[39;22m
  [41;1m PHPUnit\Framework\ExceptionWrapper [49;22m

[39;1m  Class "Database\Factories\ProductFactory" not found[39;22m

  at [32mC:\Users\binziya\myproject\vendor\laravel\framework\src\Illuminate\Database\Eloquent\Factories\Factory.php[39m:[32m821[39m
    817Γûò     public static function factoryForModel(string $modelName)
    818Γûò     {
    819Γûò         $factory = static::resolveFactoryName($modelName);
    820Γûò 
  Γ₧£ 821Γûò         return $factory::new();
    822Γûò     }
    823Γûò 
    824Γûò     /**
    825Γûò      * Specify the callback that should be invoked to guess factory names based on dynamic relationship names.

  [33m1   [39m[39;1mC:\Users\binziya\myproject\vendor\phpunit\phpunit\phpunit[39;22m:[39;1m107[39;22m
  [90m    PHPUnit\TextUI\Command::main()[39m

  [31;1mΓÇó Tests\Unit\BundleDiscountServiceTest [39;22m> [31;1mglobal wins if better[39;22m
  [41;1m PHPUnit\Framework\ExceptionWrapper [49;22m

[39;1m  Class "Database\Factories\ProductFactory" not found[39;22m

  at [32mC:\Users\binziya\myproject\vendor\laravel\framework\src\Illuminate\Database\Eloquent\Factories\Factory.php[39m:[32m821[39m
    817Γûò     public static function factoryForModel(string $modelName)
    818Γûò     {
    819Γûò         $factory = static::resolveFactoryName($modelName);
    820Γûò 
  Γ₧£ 821Γûò         return $factory::new();
    822Γûò     }
    823Γûò 
    824Γûò     /**
    825Γûò      * Specify the callback that should be invoked to guess factory names based on dynamic relationship names.

  [33m1   [39m[39;1mC:\Users\binziya\myproject\vendor\phpunit\phpunit\phpunit[39;22m:[39;1m107[39;22m
  [90m    PHPUnit\TextUI\Command::main()[39m


  [37;1mTests:  [39;22m[31;1m3 failed[39;22m[39m, [39m[32;1m2 passed[39;22m
  [37;1mTime:   [39;22m[39m0.31s[39m


